../Core/Src/main.c:73:5:main	8	static
../Core/Src/main.c:125:6:SystemClock_Config	88	static
../Core/Src/main.c:167:13:MX_TIM2_Init	32	static
../Core/Src/main.c:200:13:MX_TIM3_Init	32	static
../Core/Src/main.c:233:13:MX_TIM4_Init	32	static
../Core/Src/main.c:266:13:MX_TIM5_Init	32	static
../Core/Src/main.c:299:13:MX_GPIO_Init	40	static
../Core/Src/main.c:329:6:HAL_TIM_PeriodElapsedCallback	16	static
../Core/Src/main.c:349:6:EXTI0_IRQHandler	16	static
../Core/Src/main.c:384:6:Error_Handler	4	static
